

Microchip Technology PIC LITE Macro Assembler V1.33 build 59893 
                                                                                               Thu May 21 16:32:41 2026

Microchip Technology Omniscient Code Generator (Lite mode) build 59893
     1                           	processor	16F877A
     2                           	opt	pw 120
     3                           	opt	lm
     4                           	psect	text0,local,class=CODE,merge=1,delta=2
     5                           	psect	cinit,global,class=CODE,merge=1,delta=2
     6                           	psect	cstackCOMMON,global,class=COMMON,space=1,delta=1
     7                           	psect	cstackBANK0,global,class=BANK0,space=1,delta=1
     8                           	psect	maintext,global,class=CODE,split=1,delta=2
     9                           	psect	text1,local,class=CODE,merge=1,delta=2
    10                           	psect	text2,local,class=CODE,merge=1,delta=2
    11                           	dabs	1,0x7E,2
    12  0000                     	;# 
    13  0001                     	;# 
    14  0002                     	;# 
    15  0003                     	;# 
    16  0004                     	;# 
    17  0005                     	;# 
    18  0006                     	;# 
    19  0007                     	;# 
    20  0008                     	;# 
    21  0009                     	;# 
    22  000A                     	;# 
    23  000B                     	;# 
    24  000C                     	;# 
    25  000D                     	;# 
    26  000E                     	;# 
    27  000E                     	;# 
    28  000F                     	;# 
    29  0010                     	;# 
    30  0011                     	;# 
    31  0012                     	;# 
    32  0013                     	;# 
    33  0014                     	;# 
    34  0015                     	;# 
    35  0015                     	;# 
    36  0016                     	;# 
    37  0017                     	;# 
    38  0018                     	;# 
    39  0019                     	;# 
    40  001A                     	;# 
    41  001B                     	;# 
    42  001B                     	;# 
    43  001C                     	;# 
    44  001D                     	;# 
    45  001E                     	;# 
    46  001F                     	;# 
    47  0081                     	;# 
    48  0085                     	;# 
    49  0086                     	;# 
    50  0087                     	;# 
    51  0088                     	;# 
    52  0089                     	;# 
    53  008C                     	;# 
    54  008D                     	;# 
    55  008E                     	;# 
    56  0091                     	;# 
    57  0092                     	;# 
    58  0093                     	;# 
    59  0094                     	;# 
    60  0098                     	;# 
    61  0099                     	;# 
    62  009C                     	;# 
    63  009D                     	;# 
    64  009E                     	;# 
    65  009F                     	;# 
    66  010C                     	;# 
    67  010D                     	;# 
    68  010E                     	;# 
    69  010F                     	;# 
    70  018C                     	;# 
    71  018D                     	;# 
    72  0006                     _PORTB	set	6
    73  0008                     _PORTD	set	8
    74  0009                     _PORTE	set	9
    75  009F                     _ADCON1	set	159
    76  0086                     _TRISB	set	134
    77  0088                     _TRISD	set	136
    78  0089                     _TRISE	set	137
    79                           
    80                           	psect	text0
    81  0000                     __ptext0:	
    82                           ; #config settings
    83                           
    84                           
    85                           ;psect for function _delay_ms
    86  0000                     
    87                           	psect	cinit
    88  07FC                     start_initialization:	
    89  07FC                     __initialization:	
    90  07FC                     end_of_initialization:	
    91                           ;End of C runtime variable initialization code
    92                           
    93  07FC                     __end_of__initialization:	
    94  07FC  0183               	clrf	3
    95  07FD  120A  118A  2F1B   	ljmp	_main	;jump to C main() function
    96                           
    97                           	psect	cstackCOMMON
    98  0070                     __pcstackCOMMON:	
    99  0070                     ?_delay_ms:	
   100  0070                     ?_main:	
   101                           ; 0 bytes @ 0x0
   102                           
   103  0070                     delay_ms@ms:	
   104                           ; 0 bytes @ 0x0
   105                           
   106                           
   107                           ; 2 bytes @ 0x0
   108  0070                     	ds	2
   109  0072                     ??_delay_ms:	
   110  0072                     delay_ms@i:	
   111                           ; 0 bytes @ 0x2
   112                           
   113                           
   114                           ; 2 bytes @ 0x2
   115  0072                     	ds	2
   116  0074                     delay_ms@j:	
   117                           
   118                           ; 2 bytes @ 0x4
   119  0074                     	ds	2
   120  0076                     ?_run_motors:	
   121  0076                     run_motors@duty_l:	
   122                           ; 0 bytes @ 0x6
   123                           
   124                           
   125                           ; 1 bytes @ 0x6
   126  0076                     	ds	1
   127  0077                     run_motors@duty_r:	
   128                           
   129                           ; 1 bytes @ 0x7
   130  0077                     	ds	1
   131  0078                     run_motors@duration_ms:	
   132                           
   133                           ; 2 bytes @ 0x8
   134  0078                     	ds	2
   135  007A                     ??_run_motors:	
   136                           
   137                           ; 0 bytes @ 0xA
   138  007A                     	ds	2
   139  007C                     ??_main:	
   140                           
   141                           ; 0 bytes @ 0xC
   142  007C                     	ds	2
   143                           
   144                           	psect	cstackBANK0
   145  0020                     __pcstackBANK0:	
   146  0020                     run_motors@portd_val:	
   147                           
   148                           ; 1 bytes @ 0x0
   149  0020                     	ds	1
   150  0021                     run_motors@i:	
   151                           
   152                           ; 2 bytes @ 0x1
   153  0021                     	ds	2
   154  0023                     run_motors@on_l:	
   155                           
   156                           ; 1 bytes @ 0x3
   157  0023                     	ds	1
   158  0024                     run_motors@on_r:	
   159                           
   160                           ; 1 bytes @ 0x4
   161  0024                     	ds	1
   162  0025                     run_motors@off_l:	
   163                           
   164                           ; 1 bytes @ 0x5
   165  0025                     	ds	1
   166  0026                     run_motors@off_r:	
   167                           
   168                           ; 1 bytes @ 0x6
   169  0026                     	ds	1
   170  0027                     main@sensor:	
   171                           
   172                           ; 1 bytes @ 0x7
   173  0027                     	ds	1
   174                           
   175                           	psect	maintext
   176  071B                     __pmaintext:	
   177 ;;
   178 ;;Main: autosize = 0, tempsize = 2, incstack = 0, save=0
   179 ;;
   180 ;; *************** function _main *****************
   181 ;; Defined at:
   182 ;;		line 52 in file "C:\Users\enzoa\OneDrive\Documents\GitHub\CPE3201_Line-Follower\LINE FOLLOWER\Source file\Line_Follo
      +wer.c"
   183 ;; Parameters:    Size  Location     Type
   184 ;;		None
   185 ;; Auto vars:     Size  Location     Type
   186 ;;  sensor          1    7[BANK0 ] unsigned char 
   187 ;; Return value:  Size  Location     Type
   188 ;;		None               void
   189 ;; Registers used:
   190 ;;		wreg, fsr0l, fsr0h, status,2, status,0, pclath, cstack
   191 ;; Tracked objects:
   192 ;;		On entry : 17F/0
   193 ;;		On exit  : 0/0
   194 ;;		Unchanged: 0/0
   195 ;; Data sizes:     COMMON   BANK0   BANK1   BANK3   BANK2
   196 ;;      Params:         0       0       0       0       0
   197 ;;      Locals:         0       1       0       0       0
   198 ;;      Temps:          2       0       0       0       0
   199 ;;      Totals:         2       1       0       0       0
   200 ;;Total ram usage:        3 bytes
   201 ;; Hardware stack levels required when called:    2
   202 ;; This function calls:
   203 ;;		_delay_ms
   204 ;;		_run_motors
   205 ;; This function is called by:
   206 ;;		Startup code after reset
   207 ;; This function uses a non-reentrant model
   208 ;;
   209                           
   210                           
   211                           ;psect for function _main
   212  071B                     _main:	
   213                           
   214                           ;Line_Follower.c: 53: unsigned char sensor;
   215                           ;Line_Follower.c: 55: ADCON1 = 0x06;
   216                           
   217                           ;incstack = 0
   218                           ; Regs used in _main: [wreg-fsr0h+status,2+status,0+pclath+cstack]
   219  071B  3006               	movlw	6
   220  071C  1683               	bsf	3,5	;RP0=1, select bank1
   221  071D  1303               	bcf	3,6	;RP1=0, select bank1
   222  071E  009F               	movwf	31	;volatile
   223                           
   224                           ;Line_Follower.c: 56: TRISD = 0x00;
   225  071F  0188               	clrf	8	;volatile
   226                           
   227                           ;Line_Follower.c: 57: TRISE = 0x00;
   228  0720  0189               	clrf	9	;volatile
   229                           
   230                           ;Line_Follower.c: 58: TRISB = 0xFF;
   231  0721  30FF               	movlw	255
   232  0722  0086               	movwf	6	;volatile
   233                           
   234                           ;Line_Follower.c: 60: PORTD = 0x00;
   235  0723  1283               	bcf	3,5	;RP0=0, select bank0
   236  0724  1303               	bcf	3,6	;RP1=0, select bank0
   237  0725  0188               	clrf	8	;volatile
   238                           
   239                           ;Line_Follower.c: 61: PORTE = 0x00;
   240  0726  0189               	clrf	9	;volatile
   241  0727                     l621:	
   242                           ;Line_Follower.c: 63: while (1) {
   243                           
   244                           
   245                           ;Line_Follower.c: 64: sensor = PORTB & 0x07;
   246  0727  1283               	bcf	3,5	;RP0=0, select bank0
   247  0728  1303               	bcf	3,6	;RP1=0, select bank0
   248  0729  0806               	movf	6,w	;volatile
   249  072A  3907               	andlw	7
   250  072B  00FC               	movwf	??_main
   251  072C  087C               	movf	??_main,w
   252  072D  00A7               	movwf	main@sensor
   253                           
   254                           ;Line_Follower.c: 66: switch (sensor) {
   255  072E  2FD9               	goto	l641
   256  072F                     l623:	
   257                           ;Line_Follower.c: 67: case 0x02:
   258                           
   259                           
   260                           ;Line_Follower.c: 68: run_motors(0x50, 10, 10, 1);
   261  072F  300A               	movlw	10
   262  0730  00FC               	movwf	??_main
   263  0731  087C               	movf	??_main,w
   264  0732  00F6               	movwf	run_motors@duty_l
   265  0733  300A               	movlw	10
   266  0734  00FD               	movwf	??_main+1
   267  0735  087D               	movf	??_main+1,w
   268  0736  00F7               	movwf	run_motors@duty_r
   269  0737  3001               	movlw	1
   270  0738  00F8               	movwf	run_motors@duration_ms
   271  0739  3000               	movlw	0
   272  073A  00F9               	movwf	run_motors@duration_ms+1
   273  073B  3050               	movlw	80
   274  073C  120A  118A  26AF  120A  118A  	fcall	_run_motors
   275                           
   276                           ;Line_Follower.c: 69: break;
   277  0741  2FF2               	goto	l643
   278  0742                     l625:	
   279                           ;Line_Follower.c: 70: case 0x04:
   280                           
   281                           
   282                           ;Line_Follower.c: 71: run_motors(0x90, 10, 8, 1);
   283  0742  300A               	movlw	10
   284  0743  00FC               	movwf	??_main
   285  0744  087C               	movf	??_main,w
   286  0745  00F6               	movwf	run_motors@duty_l
   287  0746  3008               	movlw	8
   288  0747  00FD               	movwf	??_main+1
   289  0748  087D               	movf	??_main+1,w
   290  0749  00F7               	movwf	run_motors@duty_r
   291  074A  3001               	movlw	1
   292  074B  00F8               	movwf	run_motors@duration_ms
   293  074C  3000               	movlw	0
   294  074D  00F9               	movwf	run_motors@duration_ms+1
   295  074E  3090               	movlw	144
   296  074F  120A  118A  26AF  120A  118A  	fcall	_run_motors
   297                           
   298                           ;Line_Follower.c: 72: break;
   299  0754  2FF2               	goto	l643
   300  0755                     l627:	
   301                           ;Line_Follower.c: 73: case 0x01:
   302                           
   303                           
   304                           ;Line_Follower.c: 74: run_motors(0x60, 8, 10, 1);
   305  0755  3008               	movlw	8
   306  0756  00FC               	movwf	??_main
   307  0757  087C               	movf	??_main,w
   308  0758  00F6               	movwf	run_motors@duty_l
   309  0759  300A               	movlw	10
   310  075A  00FD               	movwf	??_main+1
   311  075B  087D               	movf	??_main+1,w
   312  075C  00F7               	movwf	run_motors@duty_r
   313  075D  3001               	movlw	1
   314  075E  00F8               	movwf	run_motors@duration_ms
   315  075F  3000               	movlw	0
   316  0760  00F9               	movwf	run_motors@duration_ms+1
   317  0761  3060               	movlw	96
   318  0762  120A  118A  26AF  120A  118A  	fcall	_run_motors
   319                           
   320                           ;Line_Follower.c: 75: break;
   321  0767  2FF2               	goto	l643
   322  0768                     l629:	
   323                           ;Line_Follower.c: 76: case 0x07:
   324                           
   325                           
   326                           ;Line_Follower.c: 77: run_motors(0x90, 10, 8, 1);
   327  0768  300A               	movlw	10
   328  0769  00FC               	movwf	??_main
   329  076A  087C               	movf	??_main,w
   330  076B  00F6               	movwf	run_motors@duty_l
   331  076C  3008               	movlw	8
   332  076D  00FD               	movwf	??_main+1
   333  076E  087D               	movf	??_main+1,w
   334  076F  00F7               	movwf	run_motors@duty_r
   335  0770  3001               	movlw	1
   336  0771  00F8               	movwf	run_motors@duration_ms
   337  0772  3000               	movlw	0
   338  0773  00F9               	movwf	run_motors@duration_ms+1
   339  0774  3090               	movlw	144
   340  0775  120A  118A  26AF  120A  118A  	fcall	_run_motors
   341                           
   342                           ;Line_Follower.c: 78: run_motors(0x60, 8, 10, 1);
   343  077A  3008               	movlw	8
   344  077B  00FC               	movwf	??_main
   345  077C  087C               	movf	??_main,w
   346  077D  00F6               	movwf	run_motors@duty_l
   347  077E  300A               	movlw	10
   348  077F  00FD               	movwf	??_main+1
   349  0780  087D               	movf	??_main+1,w
   350  0781  00F7               	movwf	run_motors@duty_r
   351  0782  3001               	movlw	1
   352  0783  00F8               	movwf	run_motors@duration_ms
   353  0784  3000               	movlw	0
   354  0785  00F9               	movwf	run_motors@duration_ms+1
   355  0786  3060               	movlw	96
   356  0787  120A  118A  26AF  120A  118A  	fcall	_run_motors
   357                           
   358                           ;Line_Follower.c: 79: break;
   359  078C  2FF2               	goto	l643
   360  078D                     l631:	
   361                           ;Line_Follower.c: 83: case 0x05:
   362                           
   363                           
   364                           ;Line_Follower.c: 84: run_motors(0x50, 10, 10, 1);
   365  078D  300A               	movlw	10
   366  078E  00FC               	movwf	??_main
   367  078F  087C               	movf	??_main,w
   368  0790  00F6               	movwf	run_motors@duty_l
   369  0791  300A               	movlw	10
   370  0792  00FD               	movwf	??_main+1
   371  0793  087D               	movf	??_main+1,w
   372  0794  00F7               	movwf	run_motors@duty_r
   373  0795  3001               	movlw	1
   374  0796  00F8               	movwf	run_motors@duration_ms
   375  0797  3000               	movlw	0
   376  0798  00F9               	movwf	run_motors@duration_ms+1
   377  0799  3050               	movlw	80
   378  079A  120A  118A  26AF  120A  118A  	fcall	_run_motors
   379                           
   380                           ;Line_Follower.c: 85: break;
   381  079F  2FF2               	goto	l643
   382  07A0                     l633:	
   383                           ;Line_Follower.c: 87: case 0x03:
   384                           
   385                           
   386                           ;Line_Follower.c: 88: run_motors(0x60, 8, 10, 1);
   387  07A0  3008               	movlw	8
   388  07A1  00FC               	movwf	??_main
   389  07A2  087C               	movf	??_main,w
   390  07A3  00F6               	movwf	run_motors@duty_l
   391  07A4  300A               	movlw	10
   392  07A5  00FD               	movwf	??_main+1
   393  07A6  087D               	movf	??_main+1,w
   394  07A7  00F7               	movwf	run_motors@duty_r
   395  07A8  3001               	movlw	1
   396  07A9  00F8               	movwf	run_motors@duration_ms
   397  07AA  3000               	movlw	0
   398  07AB  00F9               	movwf	run_motors@duration_ms+1
   399  07AC  3060               	movlw	96
   400  07AD  120A  118A  26AF  120A  118A  	fcall	_run_motors
   401                           
   402                           ;Line_Follower.c: 89: break;
   403  07B2  2FF2               	goto	l643
   404  07B3                     l635:	
   405                           ;Line_Follower.c: 91: case 0x06:
   406                           
   407                           
   408                           ;Line_Follower.c: 92: run_motors(0x90, 10, 8, 1);
   409  07B3  300A               	movlw	10
   410  07B4  00FC               	movwf	??_main
   411  07B5  087C               	movf	??_main,w
   412  07B6  00F6               	movwf	run_motors@duty_l
   413  07B7  3008               	movlw	8
   414  07B8  00FD               	movwf	??_main+1
   415  07B9  087D               	movf	??_main+1,w
   416  07BA  00F7               	movwf	run_motors@duty_r
   417  07BB  3001               	movlw	1
   418  07BC  00F8               	movwf	run_motors@duration_ms
   419  07BD  3000               	movlw	0
   420  07BE  00F9               	movwf	run_motors@duration_ms+1
   421  07BF  3090               	movlw	144
   422  07C0  120A  118A  26AF  120A  118A  	fcall	_run_motors
   423                           
   424                           ;Line_Follower.c: 93: break;
   425  07C5  2FF2               	goto	l643
   426  07C6                     l637:	
   427                           ;Line_Follower.c: 95: default:
   428                           
   429                           
   430                           ;Line_Follower.c: 96: run_motors(0x50, 10, 10, 1);
   431  07C6  300A               	movlw	10
   432  07C7  00FC               	movwf	??_main
   433  07C8  087C               	movf	??_main,w
   434  07C9  00F6               	movwf	run_motors@duty_l
   435  07CA  300A               	movlw	10
   436  07CB  00FD               	movwf	??_main+1
   437  07CC  087D               	movf	??_main+1,w
   438  07CD  00F7               	movwf	run_motors@duty_r
   439  07CE  3001               	movlw	1
   440  07CF  00F8               	movwf	run_motors@duration_ms
   441  07D0  3000               	movlw	0
   442  07D1  00F9               	movwf	run_motors@duration_ms+1
   443  07D2  3050               	movlw	80
   444  07D3  120A  118A  26AF  120A  118A  	fcall	_run_motors
   445                           
   446                           ;Line_Follower.c: 98: }
   447                           
   448                           ;Line_Follower.c: 97: break;
   449  07D8  2FF2               	goto	l643
   450  07D9                     l641:	
   451  07D9  1283               	bcf	3,5	;RP0=0, select bank0
   452  07DA  1303               	bcf	3,6	;RP1=0, select bank0
   453  07DB  0827               	movf	main@sensor,w
   454                           
   455                           ; Switch size 1, requested type "space"
   456                           ; Number of cases is 7, Range of values is 1 to 7
   457                           ; switch strategies available:
   458                           ; Name         Instructions Cycles
   459                           ; simple_byte           22    12 (average)
   460                           ; direct_byte           32    11 (fixed)
   461                           ; jumptable            263     9 (fixed)
   462                           ;	Chosen strategy is simple_byte
   463  07DC  3A01               	xorlw	1	; case 1
   464  07DD  1903               	skipnz
   465  07DE  2F55               	goto	l627
   466  07DF  3A03               	xorlw	3	; case 2
   467  07E0  1903               	skipnz
   468  07E1  2F2F               	goto	l623
   469  07E2  3A01               	xorlw	1	; case 3
   470  07E3  1903               	skipnz
   471  07E4  2FA0               	goto	l633
   472  07E5  3A07               	xorlw	7	; case 4
   473  07E6  1903               	skipnz
   474  07E7  2F42               	goto	l625
   475  07E8  3A01               	xorlw	1	; case 5
   476  07E9  1903               	skipnz
   477  07EA  2F8D               	goto	l631
   478  07EB  3A03               	xorlw	3	; case 6
   479  07EC  1903               	skipnz
   480  07ED  2FB3               	goto	l635
   481  07EE  3A01               	xorlw	1	; case 7
   482  07EF  1903               	skipnz
   483  07F0  2F68               	goto	l629
   484  07F1  2FC6               	goto	l637
   485  07F2                     l643:	
   486                           
   487                           ;Line_Follower.c: 99: delay_ms(10);
   488  07F2  300A               	movlw	10
   489  07F3  00F0               	movwf	delay_ms@ms
   490  07F4  3000               	movlw	0
   491  07F5  00F1               	movwf	delay_ms@ms+1
   492  07F6  120A  118A  2688  120A  118A  	fcall	_delay_ms
   493  07FB  2F27               	goto	l621
   494  07FC                     __end_of_main:	
   495                           
   496                           	psect	text1
   497  06AF                     __ptext1:	
   498 ;; *************** function _run_motors *****************
   499 ;; Defined at:
   500 ;;		line 23 in file "C:\Users\enzoa\OneDrive\Documents\GitHub\CPE3201_Line-Follower\LINE FOLLOWER\Source file\Line_Follo
      +wer.c"
   501 ;; Parameters:    Size  Location     Type
   502 ;;  portd_val       1    wreg     unsigned char 
   503 ;;  duty_l          1    6[COMMON] unsigned char 
   504 ;;  duty_r          1    7[COMMON] unsigned char 
   505 ;;  duration_ms     2    8[COMMON] unsigned int 
   506 ;; Auto vars:     Size  Location     Type
   507 ;;  portd_val       1    0[BANK0 ] unsigned char 
   508 ;;  i               2    1[BANK0 ] unsigned int 
   509 ;;  off_r           1    6[BANK0 ] unsigned char 
   510 ;;  off_l           1    5[BANK0 ] unsigned char 
   511 ;;  on_r            1    4[BANK0 ] unsigned char 
   512 ;;  on_l            1    3[BANK0 ] unsigned char 
   513 ;; Return value:  Size  Location     Type
   514 ;;		None               void
   515 ;; Registers used:
   516 ;;		wreg, status,2, status,0, pclath, cstack
   517 ;; Tracked objects:
   518 ;;		On entry : 0/0
   519 ;;		On exit  : 0/0
   520 ;;		Unchanged: 0/0
   521 ;; Data sizes:     COMMON   BANK0   BANK1   BANK3   BANK2
   522 ;;      Params:         4       0       0       0       0
   523 ;;      Locals:         0       7       0       0       0
   524 ;;      Temps:          2       0       0       0       0
   525 ;;      Totals:         6       7       0       0       0
   526 ;;Total ram usage:       13 bytes
   527 ;; Hardware stack levels used:    1
   528 ;; Hardware stack levels required when called:    1
   529 ;; This function calls:
   530 ;;		_delay_ms
   531 ;; This function is called by:
   532 ;;		_main
   533 ;; This function uses a non-reentrant model
   534 ;;
   535                           
   536                           
   537                           ;psect for function _run_motors
   538  06AF                     _run_motors:	
   539                           
   540                           ;incstack = 0
   541                           ; Regs used in _run_motors: [wreg+status,2+status,0+pclath+cstack]
   542                           ;run_motors@portd_val stored from wreg
   543  06AF  1283               	bcf	3,5	;RP0=0, select bank0
   544  06B0  1303               	bcf	3,6	;RP1=0, select bank0
   545  06B1  00A0               	movwf	run_motors@portd_val
   546                           
   547                           ;Line_Follower.c: 24: unsigned int i;
   548                           ;Line_Follower.c: 25: unsigned char on_l, on_r, off_l, off_r;
   549                           ;Line_Follower.c: 27: on_l = duty_l;
   550  06B2  0876               	movf	run_motors@duty_l,w
   551  06B3  00FA               	movwf	??_run_motors
   552  06B4  087A               	movf	??_run_motors,w
   553  06B5  00A3               	movwf	run_motors@on_l
   554                           
   555                           ;Line_Follower.c: 28: off_l = 10 - duty_l;
   556  06B6  0376               	decf	run_motors@duty_l,w
   557  06B7  3AFF               	xorlw	255
   558  06B8  3E0A               	addlw	10
   559  06B9  00FA               	movwf	??_run_motors
   560  06BA  087A               	movf	??_run_motors,w
   561  06BB  00A5               	movwf	run_motors@off_l
   562                           
   563                           ;Line_Follower.c: 29: on_r = duty_r;
   564  06BC  0877               	movf	run_motors@duty_r,w
   565  06BD  00FA               	movwf	??_run_motors
   566  06BE  087A               	movf	??_run_motors,w
   567  06BF  00A4               	movwf	run_motors@on_r
   568                           
   569                           ;Line_Follower.c: 30: off_r = 10 - duty_r;
   570  06C0  0377               	decf	run_motors@duty_r,w
   571  06C1  3AFF               	xorlw	255
   572  06C2  3E0A               	addlw	10
   573  06C3  00FA               	movwf	??_run_motors
   574  06C4  087A               	movf	??_run_motors,w
   575  06C5  00A6               	movwf	run_motors@off_r
   576                           
   577                           ;Line_Follower.c: 32: PORTD = portd_val;
   578  06C6  0820               	movf	run_motors@portd_val,w
   579  06C7  0088               	movwf	8	;volatile
   580                           
   581                           ;Line_Follower.c: 34: for (i = 0; i < duration_ms; i++) {
   582  06C8  01A1               	clrf	run_motors@i
   583  06C9  01A2               	clrf	run_motors@i+1
   584  06CA                     l609:	
   585  06CA  0879               	movf	run_motors@duration_ms+1,w
   586  06CB  0222               	subwf	run_motors@i+1,w
   587  06CC  1D03               	skipz
   588  06CD  2ED0               	goto	u85
   589  06CE  0878               	movf	run_motors@duration_ms,w
   590  06CF  0221               	subwf	run_motors@i,w
   591  06D0                     u85:	
   592  06D0  1803               	btfsc	3,0
   593  06D1  0008               	return
   594                           
   595                           ;Line_Follower.c: 36: PORTE |= 0x01;
   596  06D2  1409               	bsf	9,0	;volatile
   597                           
   598                           ;Line_Follower.c: 37: delay_ms(on_l);
   599  06D3  0823               	movf	run_motors@on_l,w
   600  06D4  00FA               	movwf	??_run_motors
   601  06D5  01FB               	clrf	??_run_motors+1
   602  06D6  087A               	movf	??_run_motors,w
   603  06D7  00F0               	movwf	delay_ms@ms
   604  06D8  087B               	movf	??_run_motors+1,w
   605  06D9  00F1               	movwf	delay_ms@ms+1
   606  06DA  120A  118A  2688  120A  118A  	fcall	_delay_ms
   607                           
   608                           ;Line_Follower.c: 38: PORTE &= ~0x01;
   609  06DF  30FE               	movlw	254
   610  06E0  00FA               	movwf	??_run_motors
   611  06E1  087A               	movf	??_run_motors,w
   612  06E2  1283               	bcf	3,5	;RP0=0, select bank0
   613  06E3  1303               	bcf	3,6	;RP1=0, select bank0
   614  06E4  0589               	andwf	9,f	;volatile
   615                           
   616                           ;Line_Follower.c: 39: delay_ms(off_l);
   617  06E5  0825               	movf	run_motors@off_l,w
   618  06E6  00FA               	movwf	??_run_motors
   619  06E7  01FB               	clrf	??_run_motors+1
   620  06E8  087A               	movf	??_run_motors,w
   621  06E9  00F0               	movwf	delay_ms@ms
   622  06EA  087B               	movf	??_run_motors+1,w
   623  06EB  00F1               	movwf	delay_ms@ms+1
   624  06EC  120A  118A  2688  120A  118A  	fcall	_delay_ms
   625                           
   626                           ;Line_Follower.c: 42: PORTE |= 0x02;
   627  06F1  1283               	bcf	3,5	;RP0=0, select bank0
   628  06F2  1303               	bcf	3,6	;RP1=0, select bank0
   629  06F3  1489               	bsf	9,1	;volatile
   630                           
   631                           ;Line_Follower.c: 43: delay_ms(on_r);
   632  06F4  0824               	movf	run_motors@on_r,w
   633  06F5  00FA               	movwf	??_run_motors
   634  06F6  01FB               	clrf	??_run_motors+1
   635  06F7  087A               	movf	??_run_motors,w
   636  06F8  00F0               	movwf	delay_ms@ms
   637  06F9  087B               	movf	??_run_motors+1,w
   638  06FA  00F1               	movwf	delay_ms@ms+1
   639  06FB  120A  118A  2688  120A  118A  	fcall	_delay_ms
   640                           
   641                           ;Line_Follower.c: 44: PORTE &= ~0x02;
   642  0700  30FD               	movlw	253
   643  0701  00FA               	movwf	??_run_motors
   644  0702  087A               	movf	??_run_motors,w
   645  0703  1283               	bcf	3,5	;RP0=0, select bank0
   646  0704  1303               	bcf	3,6	;RP1=0, select bank0
   647  0705  0589               	andwf	9,f	;volatile
   648                           
   649                           ;Line_Follower.c: 45: delay_ms(off_r);
   650  0706  0826               	movf	run_motors@off_r,w
   651  0707  00FA               	movwf	??_run_motors
   652  0708  01FB               	clrf	??_run_motors+1
   653  0709  087A               	movf	??_run_motors,w
   654  070A  00F0               	movwf	delay_ms@ms
   655  070B  087B               	movf	??_run_motors+1,w
   656  070C  00F1               	movwf	delay_ms@ms+1
   657  070D  120A  118A  2688  120A  118A  	fcall	_delay_ms
   658  0712  3001               	movlw	1
   659  0713  1283               	bcf	3,5	;RP0=0, select bank0
   660  0714  1303               	bcf	3,6	;RP1=0, select bank0
   661  0715  07A1               	addwf	run_motors@i,f
   662  0716  1803               	skipnc
   663  0717  0AA2               	incf	run_motors@i+1,f
   664  0718  3000               	movlw	0
   665  0719  07A2               	addwf	run_motors@i+1,f
   666  071A  2ECA               	goto	l609
   667  071B                     __end_of_run_motors:	
   668                           
   669                           	psect	text2
   670  0688                     __ptext2:	
   671 ;; *************** function _delay_ms *****************
   672 ;; Defined at:
   673 ;;		line 17 in file "C:\Users\enzoa\OneDrive\Documents\GitHub\CPE3201_Line-Follower\LINE FOLLOWER\Source file\Line_Follo
      +wer.c"
   674 ;; Parameters:    Size  Location     Type
   675 ;;  ms              2    0[COMMON] unsigned int 
   676 ;; Auto vars:     Size  Location     Type
   677 ;;  j               2    4[COMMON] unsigned int 
   678 ;;  i               2    2[COMMON] unsigned int 
   679 ;; Return value:  Size  Location     Type
   680 ;;		None               void
   681 ;; Registers used:
   682 ;;		wreg, status,2
   683 ;; Tracked objects:
   684 ;;		On entry : 0/0
   685 ;;		On exit  : 0/0
   686 ;;		Unchanged: 0/0
   687 ;; Data sizes:     COMMON   BANK0   BANK1   BANK3   BANK2
   688 ;;      Params:         2       0       0       0       0
   689 ;;      Locals:         4       0       0       0       0
   690 ;;      Temps:          0       0       0       0       0
   691 ;;      Totals:         6       0       0       0       0
   692 ;;Total ram usage:        6 bytes
   693 ;; Hardware stack levels used:    1
   694 ;; This function calls:
   695 ;;		Nothing
   696 ;; This function is called by:
   697 ;;		_run_motors
   698 ;;		_main
   699 ;; This function uses a non-reentrant model
   700 ;;
   701                           
   702                           
   703                           ;psect for function _delay_ms
   704  0688                     _delay_ms:	
   705                           
   706                           ;Line_Follower.c: 18: unsigned int i, j;
   707                           ;Line_Follower.c: 19: for (i = 0; i < ms; i++)
   708                           
   709                           ;incstack = 0
   710                           ; Regs used in _delay_ms: [wreg+status,2]
   711  0688  01F2               	clrf	delay_ms@i
   712  0689  01F3               	clrf	delay_ms@i+1
   713  068A                     l17:	
   714  068A  0871               	movf	delay_ms@ms+1,w
   715  068B  0273               	subwf	delay_ms@i+1,w
   716  068C  1D03               	skipz
   717  068D  2E90               	goto	u75
   718  068E  0870               	movf	delay_ms@ms,w
   719  068F  0272               	subwf	delay_ms@i,w
   720  0690                     u75:	
   721  0690  1803               	btfsc	3,0
   722  0691  0008               	return
   723                           
   724                           ;Line_Follower.c: 20: for (j = 0; j < 110; j++);
   725  0692  01F4               	clrf	delay_ms@j
   726  0693  01F5               	clrf	delay_ms@j+1
   727  0694  3000               	movlw	0
   728  0695  0275               	subwf	delay_ms@j+1,w
   729  0696  306E               	movlw	110
   730  0697  1903               	skipnz
   731  0698  0274               	subwf	delay_ms@j,w
   732  0699  1803               	btfsc	3,0
   733  069A  2EA8               	goto	l583
   734  069B                     l581:	
   735  069B  3001               	movlw	1
   736  069C  07F4               	addwf	delay_ms@j,f
   737  069D  1803               	skipnc
   738  069E  0AF5               	incf	delay_ms@j+1,f
   739  069F  3000               	movlw	0
   740  06A0  07F5               	addwf	delay_ms@j+1,f
   741  06A1  3000               	movlw	0
   742  06A2  0275               	subwf	delay_ms@j+1,w
   743  06A3  306E               	movlw	110
   744  06A4  1903               	skipnz
   745  06A5  0274               	subwf	delay_ms@j,w
   746  06A6  1C03               	skipc
   747  06A7  2E9B               	goto	l581
   748  06A8                     l583:	
   749  06A8  3001               	movlw	1
   750  06A9  07F2               	addwf	delay_ms@i,f
   751  06AA  1803               	skipnc
   752  06AB  0AF3               	incf	delay_ms@i+1,f
   753  06AC  3000               	movlw	0
   754  06AD  07F3               	addwf	delay_ms@i+1,f
   755  06AE  2E8A               	goto	l17
   756  06AF                     __end_of_delay_ms:	
   757  007E                     btemp	set	126	;btemp
   758  007E                     wtemp	set	126
   759  007E                     wtemp0	set	126
   760  0080                     wtemp1	set	128
   761  0082                     wtemp2	set	130
   762  0084                     wtemp3	set	132
   763  0086                     wtemp4	set	134
   764  0088                     wtemp5	set	136
   765  007F                     wtemp6	set	127
   766  007E                     ttemp	set	126
   767  007E                     ttemp0	set	126
   768  0081                     ttemp1	set	129
   769  0084                     ttemp2	set	132
   770  0087                     ttemp3	set	135
   771  007F                     ttemp4	set	127
   772  007E                     ltemp	set	126
   773  007E                     ltemp0	set	126
   774  0082                     ltemp1	set	130
   775  0086                     ltemp2	set	134
   776  0080                     ltemp3	set	128


Data Sizes:
    Strings     0
    Constant    0
    Data        0
    BSS         0
    Persistent  0
    Stack       0

Auto Spaces:
    Space          Size  Autos    Used
    COMMON           14     14      14
    BANK0            80      8       8
    BANK1            80      0       0
    BANK3            96      0       0
    BANK2            96      0       0

Pointer List with Targets:

    None.

Critical Paths under _main in COMMON

    _main->_run_motors
    _run_motors->_delay_ms

Critical Paths under _main in BANK0

    _main->_run_motors

Critical Paths under _main in BANK1

    None.

Critical Paths under _main in BANK3

    None.

Critical Paths under _main in BANK2

    None.

Call Graph Tables:

 ---------------------------------------------------------------------------------
 (Depth) Function   	        Calls       Base Space   Used Autos Params    Refs
 ---------------------------------------------------------------------------------
 (0) _main                                                 3     3      0    2416
                                             12 COMMON     2     2      0
                                              7 BANK0      1     1      0
                           _delay_ms
                         _run_motors
 ---------------------------------------------------------------------------------
 (1) _run_motors                                          13     9      4    2036
                                              6 COMMON     6     2      4
                                              0 BANK0      7     7      0
                           _delay_ms
 ---------------------------------------------------------------------------------
 (2) _delay_ms                                             6     4      2     357
                                              0 COMMON     6     4      2
 ---------------------------------------------------------------------------------
 Estimated maximum stack depth 2
 ---------------------------------------------------------------------------------

 Call Graph Graphs:

 _main (ROOT)
   _delay_ms
   _run_motors
     _delay_ms

 Address spaces:
Name               Size   Autos  Total    Cost      Usage
BITCOMMON            E      0       0       0        0.0%
EEDATA             100      0       0       0        0.0%
NULL                 0      0       0       0        0.0%
CODE                 0      0       0       0        0.0%
COMMON               E      E       E       1      100.0%
BITSFR0              0      0       0       1        0.0%
SFR0                 0      0       0       1        0.0%
BITSFR1              0      0       0       2        0.0%
SFR1                 0      0       0       2        0.0%
STACK                0      0       0       2        0.0%
ABS                  0      0       0       3        0.0%
BITBANK0            50      0       0       4        0.0%
BITSFR3              0      0       0       4        0.0%
SFR3                 0      0       0       4        0.0%
BANK0               50      8       8       5       10.0%
BITSFR2              0      0       0       5        0.0%
SFR2                 0      0       0       5        0.0%
BITBANK1            50      0       0       6        0.0%
BANK1               50      0       0       7        0.0%
BITBANK3            60      0       0       8        0.0%
BANK3               60      0       0       9        0.0%
BITBANK2            60      0       0      10        0.0%
BANK2               60      0       0      11        0.0%
DATA                 0      0       0      12        0.0%


Microchip Technology PIC Macro Assembler V1.33 build 59893 
Symbol Table                                                                                   Thu May 21 16:32:41 2026

            __CFG_CP$OFF 0000                       l17 068A                       u75 0690  
                     u85 06D0                      l621 0727                      l631 078D  
                    l623 072F                      l609 06CA                      l633 07A0  
                    l625 0742                      l641 07D9                      l635 07B3  
                    l627 0755                      l643 07F2                      l581 069B  
                    l637 07C6                      l629 0768                      l583 06A8  
           __CFG_CPD$OFF 0000             __CFG_FOSC$XT 0000             __CFG_LVP$OFF 0000  
           __CFG_WRT$OFF 0000                     _main 071B                     btemp 007E  
          __CFG_BOREN$ON 0000                     ltemp 007E                     start 0000  
                   ttemp 007E                     wtemp 007E                    ?_main 0070  
          __CFG_WDTE$OFF 0000                    _PORTB 0006                    _PORTD 0008  
                  _PORTE 0009                    _TRISB 0086                    _TRISD 0088  
                  _TRISE 0089            __CFG_PWRTE$ON 0000                    ltemp0 007E  
                  ltemp1 0082                    ltemp2 0086                    ltemp3 0080  
                  ttemp0 007E                    ttemp1 0081                    ttemp2 0084  
                  ttemp3 0087                    ttemp4 007F                    status 0003  
                  wtemp0 007E                    wtemp1 0080                    wtemp2 0082  
                  wtemp3 0084                    wtemp4 0086                    wtemp5 0088  
                  wtemp6 007F           run_motors@on_l 0023           run_motors@on_r 0024  
        __initialization 07FC             __end_of_main 07FC                   ??_main 007C  
                 _ADCON1 009F         __end_of_delay_ms 06AF          run_motors@off_l 0025  
        run_motors@off_r 0026  __end_of__initialization 07FC           __pcstackCOMMON 0070  
             __pmaintext 071B                ?_delay_ms 0070                  __ptext0 0000  
                __ptext1 06AF                  __ptext2 0688               ??_delay_ms 0072  
             delay_ms@ms 0070     end_of_initialization 07FC         run_motors@duty_l 0076  
       run_motors@duty_r 0077               _run_motors 06AF               main@sensor 0027  
  run_motors@duration_ms 0078      start_initialization 07FC                ___latbits 0002  
          __pcstackBANK0 0020              run_motors@i 0021        __size_of_delay_ms 0027  
            ?_run_motors 0076                delay_ms@i 0072                delay_ms@j 0074  
    __size_of_run_motors 006C                 _delay_ms 0688            __size_of_main 00E1  
           ??_run_motors 007A      run_motors@portd_val 0020       __end_of_run_motors 071B  
